// Jest Snapshot v1, https://goo.gl/fbAQLP

exports[`LibraryList functions renderRow 1`] = `
<ListItem
  library={Object {}}
/>
`;

exports[`LibraryList renders correctly 1`] = `
<RCTScrollView
  dataSource={
    ListViewDataSource {
      "items": 0,
    }
  }
  renderRow={[Function]}
  renderScrollComponent={[Function]}
>
  <View />
</RCTScrollView>
`;
